../Core/Src/main.c:104:5:main	56	static
../Core/Src/main.c:226:6:SystemClock_Config	88	static
../Core/Src/main.c:272:13:MX_ADC1_Init	24	static
../Core/Src/main.c:342:13:MX_TIM1_Init	96	static
../Core/Src/main.c:417:13:MX_TIM2_Init	32	static
../Core/Src/main.c:462:13:MX_TIM3_Init	64	static
../Core/Src/main.c:521:13:MX_USART2_UART_Init	8	static
../Core/Src/main.c:552:13:MX_DMA_Init	16	static
../Core/Src/main.c:570:13:MX_GPIO_Init	48	static
../Core/Src/main.c:615:6:HAL_TIM_PeriodElapsedCallback	24	static
../Core/Src/main.c:638:6:HAL_GPIO_EXTI_Callback	16	static
../Core/Src/main.c:664:6:Buzzer_On	16	static
../Core/Src/main.c:671:6:Buzzer_Update	8	static
../Core/Src/main.c:679:6:HAL_ADC_ConvCpltCallback	16	static
../Core/Src/main.c:684:6:HAL_UART_RxCpltCallback	24	static
../Core/Src/main.c:724:6:Error_Handler	4	static,ignoring_inline_asm
